// Jest Snapshot v1, https://goo.gl/fbAQLP

exports[`creates a styled component 1`] = `
<div
  style={
    Object {
      "flex": 1,
    }
  }
/>
`;
