// Jest Snapshot v1, https://goo.gl/fbAQLP

exports[`allows providing defaultProps 1`] = `
<View
  bar="baz"
  style={
    {
      "flex": 1,
    }
  }
/>
`;
