// Jest Snapshot v1, https://goo.gl/fbAQLP

exports[`accepts a style prop 1`] = `
<View
  style={
    Object {
      "flex": 1,
      "margin": 10,
    }
  }
/>
`;
